<?xml version="1.0" encoding="UTF-8"?>
<testsuites name="jest tests" tests="11" failures="0" errors="0" time="0.987">
  <testsuite name="Home" errors="0" failures="0" skipped="0" timestamp="2024-03-06T02:53:57" time="0.285" tests="6">
    <testcase classname="Home renders a heading" name="Home renders a heading" time="0.033">
    </testcase>
    <testcase classname="Test insulin delivery status UI on iOS @tests:KT-68 Transition state and keep status" name="Test insulin delivery status UI on iOS @tests:KT-68 Transition state and keep status" time="0.009">
    </testcase>
    <testcase classname="Unit test for iOS Client @tests:KT-2 renders the best heading" name="Unit test for iOS Client @tests:KT-2 renders the best heading" time="0.006">
    </testcase>
    <testcase classname="Unit test for record keeping @tests:KT-98 Verify create and archive record feature" name="Unit test for record keeping @tests:KT-98 Verify create and archive record feature" time="0.005">
    </testcase>
    <testcase classname="Unit test feedback forms @tests:KT-30 Verify form submission" name="Unit test feedback forms @tests:KT-30 Verify form submission" time="0.006">
    </testcase>
    <testcase classname="Unit test feedback forms @tests:KD-14 Verify form submission" name="Unit test feedback forms @tests:KD-14 Verify form submission" time="0.006">
    </testcase>
  </testsuite>
  <testsuite name="undefined" errors="0" failures="0" skipped="0" timestamp="2024-03-06T02:53:58" time="0.11" tests="1">
    <testcase classname=" App Router: Works with Client Components (React State)" name=" App Router: Works with Client Components (React State)" time="0.019">
    </testcase>
  </testsuite>
  <testsuite name="undefined" errors="0" failures="0" skipped="0" timestamp="2024-03-06T02:53:58" time="0.102" tests="1">
    <testcase classname=" renders homepage unchanged" name=" renders homepage unchanged" time="0.009">
    </testcase>
  </testsuite>
  <testsuite name="undefined" errors="0" failures="0" skipped="0" timestamp="2024-03-06T02:53:58" time="0.094" tests="1">
    <testcase classname=" App Router: Works with Server Components" name=" App Router: Works with Server Components" time="0.008">
    </testcase>
  </testsuite>
  <testsuite name="undefined" errors="0" failures="0" skipped="0" timestamp="2024-03-06T02:53:58" time="0.103" tests="1">
    <testcase classname=" App Router: Works with dynamic route segments" name=" App Router: Works with dynamic route segments" time="0.01">
    </testcase>
  </testsuite>
  <testsuite name="undefined" errors="0" failures="0" skipped="0" timestamp="2024-03-06T02:53:58" time="0.044" tests="1">
    <testcase classname=" Test functions that import server-only" name=" Test functions that import server-only" time="0.001">
    </testcase>
  </testsuite>
</testsuites>